// Jest Snapshot v1, https://goo.gl/fbAQLP

exports[`Pruebas del componente GifGrid Debe generarse correctamente 1`] = `
<Fragment>
  <h3
    className="animate__animated animate__fadeIn"
  >
    Dragon Ball
  </h3>
  <p
    className="animate__animated animate__fadeIn"
  >
    Cargando...
  </p>
  <div
    className="cards"
  />
</Fragment>
`;
